// Jest Snapshot v1, https://goo.gl/fbAQLP

exports[`snapshot página inicial, sem dados 1`] = `
<DocumentFragment>
  <main>
    <div
      class="container"
    >
      <div
        class="row"
      >
        <form
          class="col s12"
        >
          <div
            class="row"
          >
            <div
              class="input-field col s12 m6 offset-m3"
            >
              <input
                class="validate"
                id="nomeFilme"
                name="nomeFilme"
                type="text"
                value=""
              />
              <label
                for="nomeFilme"
              >
                Nome do Filme
              </label>
            </div>
          </div>
        </form>
      </div>
      <section
        class="moviesCards"
      />
      <button>
        Próxima página
      </button>
    </div>
  </main>
</DocumentFragment>
`;
