// Jest Snapshot v1, https://goo.gl/fbAQLP

exports[`snapshot  1`] = `
<DocumentFragment>
  <main
    class="container"
  >
    <div
      class="row"
    >
      <form
        class="col s12"
      >
        <div
          class="row"
        >
          <div
            class="input-field col s12 m6 offset-m3"
          >
            <input
              class="validate"
              id="movieName"
              name="movieName"
              type="text"
              value=""
            />
            <label
              for="movieName"
            >
              Nome do Filme
            </label>
          </div>
        </div>
      </form>
    </div>
    <section
      class="moviesCards"
    />
    <div
      class="modal row modalMovie"
      id="modal"
      style="transform: perspective(300px) rotateY(0deg) rotateX(0deg); transition: transform 1s;"
      tabindex="0"
    >
      <div
        class="col s12 m5 modalMovie__poster"
      >
        <img
          alt="Movie poster"
          class="w-100 h-100"
        />
      </div>
      <div
        class="col s12 m7 modalMovie__info"
      >
        <div
          class="modalMovie__header"
        >
          <h2
            class="modalMovie__title"
          />
          <div
            class="row modalMovie__genreAndBadges"
          >
            <span
              class="col s12 l6 modalMovie__genre"
            />
            <div
              class="col s12 l6 modalMovie__badges"
            >
              <span
                class="modalMovie__badgePill"
              />
              <span
                class="modalMovie__badgePill"
              />
              <span
                class="modalMovie__badgePill"
              />
            </div>
          </div>
          <hr />
          <div
            class="row modalMovie__ratingAndAwards"
          >
            <div
              class="col s6 modalMovie__rating"
            >
              <span />
              <span
                class="modalMovie__votes"
              />
            </div>
            <div
              class="col s6 modalMovie__awards"
            >
              <img
                alt="Trophy icon"
                class="movieAwards__icon "
                src="trophy.png"
              />
              <span>
                Awards
              </span>
            </div>
          </div>
        </div>
        <div
          class="modalMovie__body"
        >
          <p
            class="modalMovie__plot"
          />
        </div>
      </div>
    </div>
  </main>
</DocumentFragment>
`;
