// Jest Snapshot v1, https://goo.gl/fbAQLP

exports[`snapshot  1`] = `
<DocumentFragment>
  <main
    class="container"
  >
    <section
      class="row"
    >
      <form
        class="col s12"
      >
        <div
          class="row"
        >
          <div
            class="input-field col s12 m6 offset-m3"
          >
            <input
              class="validate"
              data-testid="searchMovieInput"
              id="movieName"
              name="movieName"
              type="text"
              value=""
            />
            <label
              for="movieName"
            >
              Title
            </label>
          </div>
        </div>
      </form>
    </section>
    <section
      class="moviesCards"
    />
    <section
      class="modal row modalMovie"
      id="modal"
      style="transform: perspective(300px) rotateY(0deg) rotateX(0deg); transition: transform 1s;"
      tabindex="0"
    />
    <span
      class="snackbar "
    />
  </main>
</DocumentFragment>
`;
